
> open
> webpack serve --mode development --open

<i> [webpack-dev-server] Project is running at:
<i> [webpack-dev-server] Loopback: http://localhost:3000/
<i> [webpack-dev-server] On Your Network (IPv4): http://192.168.0.2:3000/
<i> [webpack-dev-server] Content not from webpack is served from '/app/public' directory
<i> [webpack-dev-server] 404s will fallback to '/index.html'
assets by chunk 1.06 MiB (auxiliary name: main)
  assets by path resources/fonts/ 975 KiB
    assets by path resources/fonts/*.ttf 208 KiB
      asset resources/fonts/fontawesome-webfont.ttf 162 KiB [emitted] [from: node_modules/font-awesome/fonts/fontawesome-webfont.ttf?v=4.7.0] (auxiliary name: main)
      asset resources/fonts/Kalam-Regular.ttf 46.5 KiB [emitted] [from: src/resources/fonts/Kalam-Regular.ttf] (auxiliary name: main)
    asset resources/fonts/fontawesome-webfont.svg 434 KiB [emitted] [from: node_modules/font-awesome/fonts/fontawesome-webfont.svg?v=4.7.0] (auxiliary name: main)
    asset resources/fonts/fontawesome-webfont.eot 162 KiB [emitted] [from: node_modules/font-awesome/fonts/fontawesome-webfont.eot?v=4.7.0] (auxiliary name: main)
    asset resources/fonts/fontawesome-webfont.woff 95.7 KiB [emitted] [from: node_modules/font-awesome/fonts/fontawesome-webfont.woff?v=4.7.0] (auxiliary name: main)
    asset resources/fonts/fontawesome-webfont.woff2 75.4 KiB [emitted] [from: node_modules/font-awesome/fonts/fontawesome-webfont.woff2?v=4.7.0] (auxiliary name: main)
  asset background.jpg 86.8 KiB [emitted] [from: src/resources/images/background.jpg] (auxiliary name: main)
  asset memija.png 22 KiB [emitted] [from: src/resources/logo/memija.png] (auxiliary name: main)
asset main.b8ce8b7a4bf08e5d2439.js 1.86 MiB [emitted] [immutable] (name: main)
asset ./index.html 1.28 KiB [emitted]
runtime modules 27.3 KiB 14 modules
javascript modules 1.59 MiB
  modules by path ./src/ 172 KiB
    modules by path ./src/components/ 122 KiB 40 modules
    modules by path ./src/configurations/*.js 1.29 KiB 4 modules
    modules by path ./src/css/*.less 45.3 KiB 2 modules
    + 3 modules
  modules by path ./node_modules/ 1.42 MiB 47 modules
asset modules 378 bytes (javascript) 1.22 MiB (asset)
  modules by path ./node_modules/ 252 bytes (javascript) 1.06 MiB (asset)
    modules by path ./node_modules/font-awesome/fonts/*.eot 84 bytes (javascript) 324 KiB (asset) 2 modules
    + 4 modules
  modules by path ./src/ 126 bytes (javascript) 155 KiB (asset)
    ./src/resources/fonts/Kalam-Regular.ttf 42 bytes (javascript) 46.5 KiB (asset) [built] [code generated]
    + 2 modules
webpack 5.76.0 compiled successfully in 2699 ms
